// Jest Snapshot v1, https://goo.gl/fbAQLP

exports[`Cards Reducer Test should return the initial state 1`] = `
Object {
  "entities": Object {},
  "result": Array [],
}
`;
